Microchip MPLAB XC8 Compiler V2.32

Linker command line:

-W-3 --edf=C:\Program Files\Microchip\xc8\v2.32\pic\dat\en_msgs.txt -cn \
  -h+dist/default/production\ReceiverExample.X.production.sym \
  --cmf=dist/default/production\ReceiverExample.X.production.cmf -z \
  -Q18F4620 -oC:\Users\Hp\AppData\Local\Temp\xcAs9b0.4 \
  --defsym=__MPLAB_BUILD=1 \
  -Mdist/default/production/ReceiverExample.X.production.map -E1 \
  -ver=XC8 Compiler --acfsm=1493 -ASTACK=02C8h-0F7Fh -pstack=STACK \
  -ACODE=00h-0FFFFh -ACONST=00h-0FFFFh -ASMALLCONST=01000h-010FFhx240 \
  -AMEDIUMCONST=01000h-0FFFFh -ACOMRAM=01h-07Fh -AABS1=00h-0F7Fh \
  -ABIGRAM=01h-0F7Fh -ARAM=080h-0FFh,0100h-01FFhx14,0F00h-0F7Fh \
  -ABANK0=080h-0FFh -ABANK1=0100h-01FFh -ABANK2=0200h-02FFh \
  -ABANK3=0300h-03FFh -ABANK4=0400h-04FFh -ABANK5=0500h-05FFh \
  -ABANK6=0600h-06FFh -ABANK7=0700h-07FFh -ABANK8=0800h-08FFh \
  -ABANK9=0900h-09FFh -ABANK10=0A00h-0AFFh -ABANK11=0B00h-0BFFh \
  -ABANK12=0C00h-0CFFh -ABANK13=0D00h-0DFFh -ABANK14=0E00h-0EFFh \
  -ABANK15=0F00h-0F7Fh -ASFR=0F80h-0FFFh -ACONFIG=0300000h-030000Dh \
  -AIDLOC=0200000h-0200007h -AEEDATA=0F00000h-0F003FFh -peeprom_data=EEDATA \
  -preset_vec=00h,intcode,intcodelo,powerup,init -pramtop=01000h \
  -psmallconst=SMALLCONST -pmediumconst=MEDIUMCONST -pconst=CONST \
  -AFARRAM=00h-00h \
  -prdata=COMRAM,nvrram=COMRAM,nvbit=COMRAM,rbss=COMRAM,rbit=COMRAM \
  -pfarbss=FARRAM,fardata=FARRAM,nvFARRAM=FARRAM \
  -pintsave_regs=BIGRAM,bigbss=BIGRAM,bigdata=BIGRAM -pbss=RAM \
  -pidata=CODE,irdata=CODE,ibigdata=CODE,ifardata=CODE -prparam=COMRAM \
  C:\Users\Hp\AppData\Local\Temp\xcAs9b0.o \
  dist/default/production\ReceiverExample.X.production.o 

Object code version is 3.11

Machine type is 18F4620



                Name                               Link     Load   Length Selector   Space Scale
C:\Users\Hp\AppData\Local\Temp\xcAs9b0.o
                idloc                            200000   200000        8        0       5
                config                           300000   300000        E        0       4
                init                                  0        0        4        0       0
dist/default/production\ReceiverExample.X.production.o
                idloc                            200000   200000        8        0       5
                config                           300000   300000        E        0       4
                mediumconst                        FE70     FE70      190     7F38       0
                text46                             C0C8     C0C8       32     6064       0
                text45                             C130     C130       38     6098       0
                text44                             C04A     C04A       1C     6025       0
                text43                             C550     C550       62     62A8       0
                text42                             C022     C022        E     6011       0
                text41                             C066     C066       1C     6033       0
                text40                             C030     C030       1A     6018       0
                text39                             C082     C082       20     6041       0
                text38                             C0A2     C0A2       26     6051       0
                text37                             C168     C168       38     60B4       0
                text36                             C390     C390       52     61C8       0
                text35                             D1A8     D1A8      190     68D4       0
                text34                             C020     C020        2     6010       0
                text33                             C8F4     C8F4       CA     647A       0
                text32                             C9BE     C9BE       D6     64DF       0
                text31                             D020     D020      188     6810       0
                text30                             CEBC     CEBC      164     675E       0
                text29                             C284     C284       40     6142       0
                text28                             C306     C306       44     6183       0
                text27                             C0FA     C0FA       36     607D       0
                text26                             C76E     C76E       C2     63B7       0
                text25                             D9BA     D9BA      2E0     6CDD       0
                text24                             C830     C830       C4     6418       0
                text23                             C6BE     C6BE       B0     635F       0
                text22                             DC9A     DC9A      39A     6E4D       0
                text21                             C614     C614       AA     630A       0
                text20                             CB92     CB92      104     65C9       0
                text19                             E034     E034      42A     701A       0
                text18                             C1A0     C1A0       38     60D0       0
                text17                             E45E     E45E      4C0     722F       0
                text16                             C34A     C34A       46     61A5       0
                text15                             CC96     CC96      106     664B       0
                text14                             CA94     CA94       FE     654A       0
                text13                             D4D2     D4D2      212     6A69       0
                text12                             C434     C434       5E     621A       0
                text11                             C1D8     C1D8       38     60EC       0
                text10                             C4F0     C4F0       60     6278       0
                text9                              F216     F216      C5A     790B       0
                text8                              CD9C     CD9C      120     66CE       0
                text7                              C248     C248       3C     6124       0
                text6                              C210     C210       38     6108       0
                text5                              C492     C492       5E     6249       0
                text4                              D6E4     D6E4      2D6     6B72       0
                text3                              E91E     E91E      8F8     748F       0
                text2                              C5B2     C5B2       62     62D9       0
                text1                              C3E2     C3E2       52     61F1       0
                cstackCOMRAMl                        5E       5E       1E        1       1
                cstackCOMRAMh                         1        1       5D        1       1
                cstackBANK0h                         96       96       5A       96       1
                bssBANK2                            200      200       C8      200       1
                bssBANK1                            100      100       50      100       1
                bssBANK0l                            F0       F0        9       96       1
                bssBANK0h                            F9       F9        6       96       1
                bssCOMRAMl                           7E       7E        1        1       1
                bssCOMRAMh                           7C       7C        2        1       1
                cinit                              C2C4     C2C4       42     6162       0
                text0                              D338     D338      19A     699C       0

TOTAL           Name                               Link     Load   Length     Space
        CLASS   STACK          

        CLASS   CODE           
                init                                  0        0        4         0
                text46                             C0C8     C0C8       32         0
                text45                             C130     C130       38         0
                text44                             C04A     C04A       1C         0
                text43                             C550     C550       62         0
                text42                             C022     C022        E         0
                text41                             C066     C066       1C         0
                text40                             C030     C030       1A         0
                text39                             C082     C082       20         0
                text38                             C0A2     C0A2       26         0
                text37                             C168     C168       38         0
                text36                             C390     C390       52         0
                text35                             D1A8     D1A8      190         0
                text34                             C020     C020        2         0
                text33                             C8F4     C8F4       CA         0
                text32                             C9BE     C9BE       D6         0
                text31                             D020     D020      188         0
                text30                             CEBC     CEBC      164         0
                text29                             C284     C284       40         0
                text28                             C306     C306       44         0
                text27                             C0FA     C0FA       36         0
                text26                             C76E     C76E       C2         0
                text25                             D9BA     D9BA      2E0         0
                text24                             C830     C830       C4         0
                text23                             C6BE     C6BE       B0         0
                text22                             DC9A     DC9A      39A         0
                text21                             C614     C614       AA         0
                text20                             CB92     CB92      104         0
                text19                             E034     E034      42A         0
                text18                             C1A0     C1A0       38         0
                text17                             E45E     E45E      4C0         0
                text16                             C34A     C34A       46         0
                text15                             CC96     CC96      106         0
                text14                             CA94     CA94       FE         0
                text13                             D4D2     D4D2      212         0
                text12                             C434     C434       5E         0
                text11                             C1D8     C1D8       38         0
                text10                             C4F0     C4F0       60         0
                text9                              F216     F216      C5A         0
                text8                              CD9C     CD9C      120         0
                text7                              C248     C248       3C         0
                text6                              C210     C210       38         0
                text5                              C492     C492       5E         0
                text4                              D6E4     D6E4      2D6         0
                text3                              E91E     E91E      8F8         0
                text2                              C5B2     C5B2       62         0
                text1                              C3E2     C3E2       52         0
                cinit                              C2C4     C2C4       42         0
                text0                              D338     D338      19A         0

        CLASS   CONST          

        CLASS   SMALLCONST     

        CLASS   MEDIUMCONST    
                mediumconst                        FE70     FE70      190         0

        CLASS   COMRAM         
                cstackCOMRAMl                        5E       5E       1E         1
                cstackCOMRAMh                         1        1       5D         1
                bssCOMRAMl                           7E       7E        1         1
                bssCOMRAMh                           7C       7C        2         1

        CLASS   ABS1           
                abs_s1                               95       95        1         1

        CLASS   BIGRAM         

        CLASS   RAM            

        CLASS   BANK0          
                cstackBANK0h                         96       96       5A         1
                bssBANK0l                            F0       F0        9         1
                bssBANK0h                            F9       F9        6         1

        CLASS   BANK1          
                bssBANK1                            100      100       50         1

        CLASS   BANK2          
                bssBANK2                            200      200       C8         1

        CLASS   BANK3          

        CLASS   BANK4          

        CLASS   BANK5          

        CLASS   BANK6          

        CLASS   BANK7          

        CLASS   BANK8          

        CLASS   BANK9          

        CLASS   BANK10         

        CLASS   BANK11         

        CLASS   BANK12         

        CLASS   BANK13         

        CLASS   BANK14         

        CLASS   BANK15         

        CLASS   SFR            

        CLASS   CONFIG         
                config                           300000   300000        E         4

        CLASS   IDLOC          
                idloc                            200000   200000        8         5

        CLASS   EEDATA         

        CLASS   FARRAM         



SEGMENTS        Name                           Load    Length   Top    Selector   Space  Class

                reset_vec                      000000  000004  000004         0       0  CODE    
                cstackCOMRAMh                  000001  00007E  00007F         1       1  COMRAM  
                cstackBANK0h                   000096  000069  0000FF        96       1  BANK0   
                bssBANK1                       000100  000050  000150       100       1  BANK1   
                bssBANK2                       000200  0000C8  0002C8       200       1  BANK2   
                text34                         00C020  000002  00C022      6010       0  CODE    
                text42                         00C022  00000E  00C030      6011       0  CODE    
                text40                         00C030  00001A  00C04A      6018       0  CODE    
                text44                         00C04A  00001C  00C066      6025       0  CODE    
                text41                         00C066  00001C  00C082      6033       0  CODE    
                text39                         00C082  000020  00C0A2      6041       0  CODE    
                text38                         00C0A2  000026  00C0C8      6051       0  CODE    
                text46                         00C0C8  000032  00C0FA      6064       0  CODE    
                text27                         00C0FA  000036  00C130      607D       0  CODE    
                text45                         00C130  000038  00C168      6098       0  CODE    
                text37                         00C168  000038  00C1A0      60B4       0  CODE    
                text18                         00C1A0  000038  00C1D8      60D0       0  CODE    
                text11                         00C1D8  000038  00C210      60EC       0  CODE    
                text6                          00C210  000038  00C248      6108       0  CODE    
                text7                          00C248  00003C  00C284      6124       0  CODE    
                text29                         00C284  000040  00C2C4      6142       0  CODE    
                cinit                          00C2C4  000042  00C306      6162       0  CODE    
                text28                         00C306  000044  00C34A      6183       0  CODE    
                text16                         00C34A  000046  00C390      61A5       0  CODE    
                text36                         00C390  000052  00C3E2      61C8       0  CODE    
                text1                          00C3E2  000052  00C434      61F1       0  CODE    
                text12                         00C434  00005E  00C492      621A       0  CODE    
                text5                          00C492  00005E  00C4F0      6249       0  CODE    
                text10                         00C4F0  000060  00C550      6278       0  CODE    
                text43                         00C550  000062  00C5B2      62A8       0  CODE    
                text2                          00C5B2  000062  00C614      62D9       0  CODE    
                text21                         00C614  0000AA  00C6BE      630A       0  CODE    
                text23                         00C6BE  0000B0  00C76E      635F       0  CODE    
                text26                         00C76E  0000C2  00C830      63B7       0  CODE    
                text24                         00C830  0000C4  00C8F4      6418       0  CODE    
                text33                         00C8F4  0000CA  00C9BE      647A       0  CODE    
                text32                         00C9BE  0000D6  00CA94      64DF       0  CODE    
                text14                         00CA94  0000FE  00CB92      654A       0  CODE    
                text20                         00CB92  000104  00CC96      65C9       0  CODE    
                text15                         00CC96  000106  00CD9C      664B       0  CODE    
                text8                          00CD9C  000120  00CEBC      66CE       0  CODE    
                text30                         00CEBC  000164  00D020      675E       0  CODE    
                text31                         00D020  000188  00D1A8      6810       0  CODE    
                text35                         00D1A8  000190  00D338      68D4       0  CODE    
                text0                          00D338  00019A  00D4D2      699C       0  CODE    
                text13                         00D4D2  000212  00D6E4      6A69       0  CODE    
                text4                          00D6E4  0002D6  00D9BA      6B72       0  CODE    
                text25                         00D9BA  0002E0  00DC9A      6CDD       0  CODE    
                text22                         00DC9A  00039A  00E034      6E4D       0  CODE    
                text19                         00E034  00042A  00E45E      701A       0  CODE    
                text17                         00E45E  0004C0  00E91E      722F       0  CODE    
                text3                          00E91E  0008F8  00F216      748F       0  CODE    
                text9                          00F216  000C5A  00FE70      790B       0  CODE    
                mediumconst                    00FE70  000190  010000      7F38       0  MEDIUMCO


UNUSED ADDRESS RANGES

        Name                Unused          Largest block    Delta
        BANK0            000080-000094               15
                         0000FF-0000FF                1
        BANK1            000150-0001FF               B0
        BANK10           000A00-000AFF              100
        BANK11           000B00-000BFF              100
        BANK12           000C00-000CFF              100
        BANK13           000D00-000DFF              100
        BANK14           000E00-000EFF              100
        BANK15           000F00-000F7F               80
        BANK2            0002C8-0002FF               38
        BANK3            000300-0003FF              100
        BANK4            000400-0004FF              100
        BANK5            000500-0005FF              100
        BANK6            000600-0006FF              100
        BANK7            000700-0007FF              100
        BANK8            000800-0008FF              100
        BANK9            000900-0009FF              100
        BIGRAM           00007F-000094               16
                         0000FF-0000FF                1
                         000150-0001FF               B0
                         0002C8-000F7F              CB8
        CODE             000004-00C01F             C01C
        COMRAM           00007F-00007F                1
        CONST            000004-00C01F             C01C
        EEDATA           F00000-F003FF              400
        MEDIUMCONST      001000-00C01F             B020
        RAM              000080-000094               15
                         0000FF-0000FF                1
                         000150-0001FF               B0
                         0002C8-000F7F              100
        SFR              000F80-000FFF               80
        SMALLCONST       001000-00C01F              100
        STACK            0002C8-000F7F              CB8

                                  Symbol Table

?___aodiv                    cstackCOMRAMh 000001
?___aomod                    cstackCOMRAMh 000001
?___awdiv                    cstackCOMRAMh 000001
?___awmod                    cstackCOMRAMh 000001
?___fladd                    cstackCOMRAMh 000001
?___fldiv                    cstackCOMRAMh 000001
?___flmul                    cstackCOMRAMh 000001
?___flneg                    cstackCOMRAMh 000001
?___flsub                    cstackCOMRAMh 00001A
?___fltol                    cstackCOMRAMh 000001
?___fpclassifyf              cstackCOMRAMh 000001
?___wmul                     cstackCOMRAMh 000001
?_abs                        cstackCOMRAMh 000013
?_atoi                       cstackCOMRAMh 000008
?_ctoa                       cstackCOMRAMh 00000A
?_dtoa                       cstackCOMRAMh 00001C
?_efgtoa                     cstackCOMRAMh 00002E
?_floorf                     cstackCOMRAMh 00001A
?_isalpha                    cstackCOMRAMh 000001
?_isdigit                    cstackCOMRAMh 000001
?_islower                    cstackCOMRAMh 000001
?_isspace                    cstackCOMRAMh 000001
?_isupper                    cstackCOMRAMh 000001
?_pad                        cstackCOMRAMh 000011
?_sprintf                    cstackBANK0h  0000D4
?_strlen                     cstackCOMRAMh 000001
?_strncmp                    cstackCOMRAMh 000001
?_tolower                    cstackCOMRAMh 000007
?_toupper                    cstackCOMRAMh 000007
?_vfpfcnvrt                  cstackCOMRAMh 000043
?_vfprintf                   cstackBANK0h  0000CE
?_xtoa                       cstackCOMRAMh 00001C
_ADCON0                      (abs)         000FC2
_ADCON1                      (abs)         000FC1
_BAUDCONbits                 (abs)         000FB8
_PIR1bits                    (abs)         000F9E
_RCREG                       (abs)         000FAE
_RCSTA                       (abs)         000FAB
_RCSTAbits                   (abs)         000FAB
_SPBRG                       (abs)         000FAF
_SPBRGH                      (abs)         000FB0
_TRISA                       (abs)         000F92
_TRISB                       (abs)         000F93
_TRISC                       (abs)         000F94
_TRISD                       (abs)         000F95
_TRISE                       (abs)         000F96
_TXREG                       (abs)         000FAD
_TXSTA                       (abs)         000FAC
_TXSTAbits                   (abs)         000FAC
_X1                          bssBANK0l     0000F8
__HRAM                       (abs)         000000
__Habs1                      abs1          000000
__Hbank0                     bank0         000000
__Hbank1                     bank1         000000
__Hbank10                    bank10        000000
__Hbank11                    bank11        000000
__Hbank12                    bank12        000000
__Hbank13                    bank13        000000
__Hbank14                    bank14        000000
__Hbank15                    bank15        000000
__Hbank2                     bank2         000000
__Hbank3                     bank3         000000
__Hbank4                     bank4         000000
__Hbank5                     bank5         000000
__Hbank6                     bank6         000000
__Hbank7                     bank7         000000
__Hbank8                     bank8         000000
__Hbank9                     bank9         000000
__Hbigbss                    bigbss        000000
__Hbigdata                   bigdata       000000
__Hbigram                    bigram        000000
__Hbss                       bss           000000
__HbssBANK0h                 bssBANK0h     000000
__HbssBANK0l                 bssBANK0l     000000
__HbssBANK1                  bssBANK1      000000
__HbssBANK2                  bssBANK2      000000
__HbssCOMRAMh                bssCOMRAMh    000000
__HbssCOMRAMl                bssCOMRAMl    000000
__Hcinit                     cinit         000000
__Hclrtext                   clrtext       000000
__Hcomram                    comram        000000
__Hconfig                    config        30000E
__Hconst                     const         000000
__HcstackBANK0h              cstackBANK0h  000000
__HcstackCOMRAMh             cstackCOMRAMh 000000
__HcstackCOMRAMl             cstackCOMRAMl 000000
__Hdata                      data          000000
__Heeprom_data               eeprom_data   000000
__Hfarbss                    farbss        000000
__Hfardata                   fardata       000000
__Hibigdata                  ibigdata      000000
__Hidata                     idata         000000
__Hidloc                     idloc         200008
__Hifardata                  ifardata      000000
__Hinit                      init          000004
__Hintcode                   intcode       000000
__Hintcode_body              intcode_body  000000
__Hintcodelo                 intcodelo     000000
__Hintentry                  intentry      000000
__Hintret                    intret        000000
__Hintsave_regs              intsave_regs  000000
__Hirdata                    irdata        000000
__Hmediumconst               mediumconst   010000
__HnvFARRAM                  nvFARRAM      000000
__Hnvbit                     nvbit         000000
__Hnvrram                    nvrram        000000
__Hparam                     rparam        000000
__Hpowerup                   powerup       000000
__Hram                       ram           000000
__Hramtop                    ramtop        001000
__Hrbit                      rbit          000000
__Hrbss                      rbss          000000
__Hrdata                     rdata         000000
__Hreset_vec                 reset_vec     000000
__Hrparam                    rparam        000000
__Hsfr                       sfr           000000
__Hsmallconst                smallconst    000000
__Hspace_0                   (abs)         010000
__Hspace_1                   (abs)         0002C8
__Hspace_2                   (abs)         000000
__Hspace_4                   (abs)         60000E
__Hstack                     stack         000000
__Hstruct                    struct        000000
__Htemp                      temp          000000
__Htext                      text          000000
__Htext0                     text0         000000
__Htext1                     text1         000000
__Htext10                    text10        000000
__Htext11                    text11        000000
__Htext12                    text12        000000
__Htext13                    text13        000000
__Htext14                    text14        000000
__Htext15                    text15        000000
__Htext16                    text16        000000
__Htext17                    text17        000000
__Htext18                    text18        000000
__Htext19                    text19        000000
__Htext2                     text2         000000
__Htext20                    text20        000000
__Htext21                    text21        000000
__Htext22                    text22        000000
__Htext23                    text23        000000
__Htext24                    text24        000000
__Htext25                    text25        000000
__Htext26                    text26        000000
__Htext27                    text27        000000
__Htext28                    text28        000000
__Htext29                    text29        000000
__Htext3                     text3         000000
__Htext30                    text30        000000
__Htext31                    text31        000000
__Htext32                    text32        000000
__Htext33                    text33        000000
__Htext34                    text34        000000
__Htext35                    text35        000000
__Htext36                    text36        000000
__Htext37                    text37        000000
__Htext38                    text38        000000
__Htext39                    text39        000000
__Htext4                     text4         000000
__Htext40                    text40        000000
__Htext41                    text41        000000
__Htext42                    text42        000000
__Htext43                    text43        000000
__Htext44                    text44        000000
__Htext45                    text45        000000
__Htext46                    text46        000000
__Htext5                     text5         000000
__Htext6                     text6         000000
__Htext7                     text7         000000
__Htext8                     text8         000000
__Htext9                     text9         000000
__LRAM                       (abs)         000001
__Labs1                      abs1          000000
__Lbank0                     bank0         000000
__Lbank1                     bank1         000000
__Lbank10                    bank10        000000
__Lbank11                    bank11        000000
__Lbank12                    bank12        000000
__Lbank13                    bank13        000000
__Lbank14                    bank14        000000
__Lbank15                    bank15        000000
__Lbank2                     bank2         000000
__Lbank3                     bank3         000000
__Lbank4                     bank4         000000
__Lbank5                     bank5         000000
__Lbank6                     bank6         000000
__Lbank7                     bank7         000000
__Lbank8                     bank8         000000
__Lbank9                     bank9         000000
__Lbigbss                    bigbss        000000
__Lbigdata                   bigdata       000000
__Lbigram                    bigram        000000
__Lbss                       bss           000000
__LbssBANK0h                 bssBANK0h     000000
__LbssBANK0l                 bssBANK0l     000000
__LbssBANK1                  bssBANK1      000000
__LbssBANK2                  bssBANK2      000000
__LbssCOMRAMh                bssCOMRAMh    000000
__LbssCOMRAMl                bssCOMRAMl    000000
__Lcinit                     cinit         000000
__Lclrtext                   clrtext       000000
__Lcomram                    comram        000000
__Lconfig                    config        000000
__Lconst                     const         000000
__LcstackBANK0h              cstackBANK0h  000000
__LcstackCOMRAMh             cstackCOMRAMh 000000
__LcstackCOMRAMl             cstackCOMRAMl 000000
__Ldata                      data          000000
__Leeprom_data               eeprom_data   000000
__Lfarbss                    farbss        000000
__Lfardata                   fardata       000000
__Libigdata                  ibigdata      000000
__Lidata                     idata         000000
__Lidloc                     idloc         000000
__Lifardata                  ifardata      000000
__Linit                      init          000000
__Lintcode                   intcode       000000
__Lintcode_body              intcode_body  000000
__Lintcodelo                 intcodelo     000000
__Lintentry                  intentry      000000
__Lintret                    intret        000000
__Lintsave_regs              intsave_regs  000000
__Lirdata                    irdata        000000
__Lmediumconst               mediumconst   00FE70
__LnvFARRAM                  nvFARRAM      000000
__Lnvbit                     nvbit         000000
__Lnvrram                    nvrram        000000
__Lparam                     rparam        000000
__Lpowerup                   powerup       000000
__Lram                       ram           000000
__Lramtop                    ramtop        001000
__Lrbit                      rbit          000000
__Lrbss                      rbss          000000
__Lrdata                     rdata         000000
__Lreset_vec                 reset_vec     000000
__Lrparam                    rparam        000000
__Lsfr                       sfr           000000
__Lsmallconst                smallconst    000000
__Lspace_0                   (abs)         000000
__Lspace_1                   (abs)         000000
__Lspace_2                   (abs)         000000
__Lspace_4                   (abs)         000000
__Lstack                     stack         000000
__Lstruct                    struct        000000
__Ltemp                      temp          000000
__Ltext                      text          000000
__Ltext0                     text0         000000
__Ltext1                     text1         000000
__Ltext10                    text10        000000
__Ltext11                    text11        000000
__Ltext12                    text12        000000
__Ltext13                    text13        000000
__Ltext14                    text14        000000
__Ltext15                    text15        000000
__Ltext16                    text16        000000
__Ltext17                    text17        000000
__Ltext18                    text18        000000
__Ltext19                    text19        000000
__Ltext2                     text2         000000
__Ltext20                    text20        000000
__Ltext21                    text21        000000
__Ltext22                    text22        000000
__Ltext23                    text23        000000
__Ltext24                    text24        000000
__Ltext25                    text25        000000
__Ltext26                    text26        000000
__Ltext27                    text27        000000
__Ltext28                    text28        000000
__Ltext29                    text29        000000
__Ltext3                     text3         000000
__Ltext30                    text30        000000
__Ltext31                    text31        000000
__Ltext32                    text32        000000
__Ltext33                    text33        000000
__Ltext34                    text34        000000
__Ltext35                    text35        000000
__Ltext36                    text36        000000
__Ltext37                    text37        000000
__Ltext38                    text38        000000
__Ltext39                    text39        000000
__Ltext4                     text4         000000
__Ltext40                    text40        000000
__Ltext41                    text41        000000
__Ltext42                    text42        000000
__Ltext43                    text43        000000
__Ltext44                    text44        000000
__Ltext45                    text45        000000
__Ltext46                    text46        000000
__Ltext5                     text5         000000
__Ltext6                     text6         000000
__Ltext7                     text7         000000
__Ltext8                     text8         000000
__Ltext9                     text9         000000
__S0                         (abs)         010000
__S1                         (abs)         0002C8
__S2                         (abs)         000000
__S4                         (abs)         000000
__S5                         (abs)         000000
___aodiv                     text31        00D020
___aodiv@counter             cstackCOMRAMh 000011
___aodiv@dividend            cstackCOMRAMh 000001
___aodiv@divisor             cstackCOMRAMh 000009
___aodiv@quotient            cstackCOMRAMh 000013
___aodiv@sign                cstackCOMRAMh 000012
___aomod                     text30        00CEBC
___aomod@counter             cstackCOMRAMh 000011
___aomod@dividend            cstackCOMRAMh 000001
___aomod@divisor             cstackCOMRAMh 000009
___aomod@sign                cstackCOMRAMh 000012
___awdiv                     text24        00C830
___awdiv@counter             cstackCOMRAMh 000005
___awdiv@dividend            cstackCOMRAMh 000001
___awdiv@divisor             cstackCOMRAMh 000003
___awdiv@quotient            cstackCOMRAMh 000007
___awdiv@sign                cstackCOMRAMh 000006
___awmod                     text23        00C6BE
___awmod@counter             cstackCOMRAMh 000005
___awmod@dividend            cstackCOMRAMh 000001
___awmod@divisor             cstackCOMRAMh 000003
___awmod@sign                cstackCOMRAMh 000006
___fladd                     text17        00E45E
___fladd@a                   cstackCOMRAMh 000005
___fladd@aexp                cstackCOMRAMh 00000E
___fladd@b                   cstackCOMRAMh 000001
___fladd@bexp                cstackCOMRAMh 00000F
___fladd@grs                 cstackCOMRAMh 000010
___fladd@signs               cstackCOMRAMh 00000D
___fldiv                     text22        00DC9A
___fldiv@a                   cstackCOMRAMh 000005
___fldiv@aexp                cstackCOMRAMh 000019
___fldiv@b                   cstackCOMRAMh 000001
___fldiv@bexp                cstackCOMRAMh 000018
___fldiv@grs                 cstackCOMRAMh 000014
___fldiv@new_exp             cstackCOMRAMh 000012
___fldiv@rem                 cstackCOMRAMh 00000D
___fldiv@sign                cstackCOMRAMh 000011
___fleq                      text21        00C614
___fleq@ff1                  cstackCOMRAMh 000001
___fleq@ff2                  cstackCOMRAMh 000005
___flge                      text20        00CB92
___flge@ff1                  cstackCOMRAMh 00001A
___flge@ff2                  cstackCOMRAMh 00001E
___flmul                     text19        00E034
___flmul@a                   cstackCOMRAMh 000005
___flmul@aexp                cstackCOMRAMh 000012
___flmul@b                   cstackCOMRAMh 000001
___flmul@bexp                cstackCOMRAMh 000013
___flmul@grs                 cstackCOMRAMh 00000E
___flmul@prod                cstackCOMRAMh 000014
___flmul@sign                cstackCOMRAMh 00000D
___flmul@temp                cstackCOMRAMh 000018
___flneg                     text18        00C1A0
___flneg@f1                  cstackCOMRAMh 000001
___flsub                     text16        00C34A
___flsub@a                   cstackCOMRAMh 00001E
___flsub@b                   cstackCOMRAMh 00001A
___fltol                     text15        00CC96
___fltol@exp1                cstackCOMRAMh 00000A
___fltol@f1                  cstackCOMRAMh 000001
___fltol@sign1               cstackCOMRAMh 000009
___fpclassifyf               text14        00CA94
___fpclassifyf@F465          bssBANK0l     0000F4
___fpclassifyf@e             cstackCOMRAMh 000009
___fpclassifyf@u             cstackCOMRAMh 00000B
___fpclassifyf@x             cstackCOMRAMh 000001
___inthi_sp                  stack         000000
___intlo_sp                  stack         000000
___param_bank                (abs)         000000
___rparam_used               (abs)         000001
___sp                        stack         000000
___wmul                      text38        00C0A2
___wmul@multiplicand         cstackCOMRAMh 000003
___wmul@multiplier           cstackCOMRAMh 000001
___wmul@product              cstackCOMRAMh 000005
__accesstop                  (abs)         000080
__activetblptr               (abs)         000002
__end_of___aodiv             text31        00D1A8
__end_of___aomod             text30        00D020
__end_of___awdiv             text24        00C8F4
__end_of___awmod             text23        00C76E
__end_of___fladd             text17        00E91E
__end_of___fldiv             text22        00E034
__end_of___fleq              text21        00C6BE
__end_of___flge              text20        00CC96
__end_of___flmul             text19        00E45E
__end_of___flneg             text18        00C1D8
__end_of___flsub             text16        00C390
__end_of___fltol             text15        00CD9C
__end_of___fpclassifyf       text14        00CB92
__end_of___wmul              text38        00C0C8
__end_of__initialization     cinit         00C2FC
__end_of_abs                 text29        00C2C4
__end_of_atoi                text35        00D338
__end_of_ctoa                text32        00CA94
__end_of_delay_ms            text46        00C0FA
__end_of_dtoa                text25        00DC9A
__end_of_efgtoa              text9         00FE70
__end_of_floorf              text13        00D6E4
__end_of_fputc               text33        00C9BE
__end_of_fputs               text28        00C34A
__end_of_is_byte_available   text45        00C168
__end_of_isalpha             text7         00C284
__end_of_isdigit             text37        00C1A0
__end_of_islower             text6         00C248
__end_of_isspace             text36        00C3E2
__end_of_isupper             text11        00C210
__end_of_main                text0         00D4D2
__end_of_pad                 text26        00C830
__end_of_print_line          text42        00C030
__end_of_putch               text34        00C022
__end_of_read_byte_no_lib    text41        00C082
__end_of_send_byte_no_lib    text44        00C066
__end_of_send_string_no_lib  text43        00C5B2
__end_of_setupPorts          text40        00C04A
__end_of_setupSerial         text39        00C0A2
__end_of_sprintf             text1         00C434
__end_of_strcpy              text12        00C492
__end_of_strlen              text27        00C130
__end_of_strncmp             text8         00CEBC
__end_of_tolower             text10        00C550
__end_of_toupper             text5         00C4F0
__end_of_vfpfcnvrt           text3         00F216
__end_of_vfprintf            text2         00C614
__end_of_xtoa                text4         00D9BA
__initialization             cinit         00C2C4
__mediumconst                mediumconst   00FE70
__pbssBANK0h                 bssBANK0h     0000F9
__pbssBANK0l                 bssBANK0l     0000F0
__pbssBANK1                  bssBANK1      000100
__pbssBANK2                  bssBANK2      000200
__pbssCOMRAMh                bssCOMRAMh    00007C
__pbssCOMRAMl                bssCOMRAMl    00007E
__pcinit                     cinit         00C2C4
__pcstackBANK0h              cstackBANK0h  000096
__pcstackCOMRAMh             cstackCOMRAMh 000001
__pcstackCOMRAMl             cstackCOMRAMl 00005E
__pmediumconst               mediumconst   00FE70
__ptext0                     text0         00D338
__ptext1                     text1         00C3E2
__ptext10                    text10        00C4F0
__ptext11                    text11        00C1D8
__ptext12                    text12        00C434
__ptext13                    text13        00D4D2
__ptext14                    text14        00CA94
__ptext15                    text15        00CC96
__ptext16                    text16        00C34A
__ptext17                    text17        00E45E
__ptext18                    text18        00C1A0
__ptext19                    text19        00E034
__ptext2                     text2         00C5B2
__ptext20                    text20        00CB92
__ptext21                    text21        00C614
__ptext22                    text22        00DC9A
__ptext23                    text23        00C6BE
__ptext24                    text24        00C830
__ptext25                    text25        00D9BA
__ptext26                    text26        00C76E
__ptext27                    text27        00C0FA
__ptext28                    text28        00C306
__ptext29                    text29        00C284
__ptext3                     text3         00E91E
__ptext30                    text30        00CEBC
__ptext31                    text31        00D020
__ptext32                    text32        00C9BE
__ptext33                    text33        00C8F4
__ptext34                    text34        00C020
__ptext35                    text35        00D1A8
__ptext36                    text36        00C390
__ptext37                    text37        00C168
__ptext38                    text38        00C0A2
__ptext39                    text39        00C082
__ptext4                     text4         00D6E4
__ptext40                    text40        00C030
__ptext41                    text41        00C066
__ptext42                    text42        00C022
__ptext43                    text43        00C550
__ptext44                    text44        00C04A
__ptext45                    text45        00C130
__ptext46                    text46        00C0C8
__ptext5                     text5         00C492
__ptext6                     text6         00C210
__ptext7                     text7         00C248
__ptext8                     text8         00CD9C
__ptext9                     text9         00F216
__ramtop                     ramtop        001000
__size_of___aodiv            (abs)         000000
__size_of___aomod            (abs)         000000
__size_of___awdiv            (abs)         000000
__size_of___awmod            (abs)         000000
__size_of___fladd            (abs)         000000
__size_of___fldiv            (abs)         000000
__size_of___fleq             (abs)         000000
__size_of___flge             (abs)         000000
__size_of___flmul            (abs)         000000
__size_of___flneg            (abs)         000000
__size_of___flsub            (abs)         000000
__size_of___fltol            (abs)         000000
__size_of___fpclassifyf      (abs)         000000
__size_of___wmul             (abs)         000000
__size_of_abs                (abs)         000000
__size_of_atoi               (abs)         000000
__size_of_ctoa               (abs)         000000
__size_of_delay_ms           (abs)         000000
__size_of_dtoa               (abs)         000000
__size_of_efgtoa             (abs)         000000
__size_of_floorf             (abs)         000000
__size_of_fputc              (abs)         000000
__size_of_fputs              (abs)         000000
__size_of_is_byte_available  (abs)         000000
__size_of_isalpha            (abs)         000000
__size_of_isdigit            (abs)         000000
__size_of_islower            (abs)         000000
__size_of_isspace            (abs)         000000
__size_of_isupper            (abs)         000000
__size_of_main               (abs)         000000
__size_of_pad                (abs)         000000
__size_of_print_line         (abs)         000000
__size_of_putch              (abs)         000000
__size_of_read_byte_no_lib   (abs)         000000
__size_of_send_byte_no_lib   (abs)         000000
__size_of_send_string_no_lib (abs)         000000
__size_of_setupPorts         (abs)         000000
__size_of_setupSerial        (abs)         000000
__size_of_sprintf            (abs)         000000
__size_of_strcpy             (abs)         000000
__size_of_strlen             (abs)         000000
__size_of_strncmp            (abs)         000000
__size_of_tolower            (abs)         000000
__size_of_toupper            (abs)         000000
__size_of_vfpfcnvrt          (abs)         000000
__size_of_vfprintf           (abs)         000000
__size_of_xtoa               (abs)         000000
__smallconst                 smallconst    000000
_abs                         text29        00C284
_atoi                        text35        00D1A8
_atoi$1148                   cstackCOMRAMh 000010
_atoi$1149                   cstackCOMRAMh 000014
_atoi$1150                   cstackCOMRAMh 000012
_buffer                      bssBANK2      000200
_ctoa                        text32        00C9BE
_data1                       bssCOMRAMl    00007E
_dbuf                        bssBANK1      000100
_delay_ms                    text46        00C0C8
_dtoa                        text25        00D9BA
_dtoa$1027                   cstackCOMRAMh 00002E
_efgtoa                      text9         00F216
_efgtoa$1051                 cstackBANK0h  000096
_efgtoa$1052                 cstackBANK0h  000098
_efgtoa$1056                 cstackBANK0h  00009A
_efgtoa$1060                 cstackBANK0h  00009C
_efgtoa$1061                 cstackBANK0h  00009E
_efgtoa$1062                 cstackBANK0h  0000A0
_flags                       bssCOMRAMh    00007C
_floorf                      text13        00D4D2
_fputc                       text33        00C8F4
_fputs                       text28        00C306
_gotten                      (abs)         000020
_is_byte_available           text45        00C130
_isalpha                     text7         00C248
_isdigit                     text37        00C168
_islower                     text6         00C210
_isspace                     text36        00C390
_isspace$1188                cstackCOMRAMh 000007
_isupper                     text11        00C1D8
_lcd                         (abs)         000F83
_lcd_tris                    (abs)         000095
_main                        text0         00D338
_nout                        bssBANK0h     0000F9
_pad                         text26        00C76E
_port_d                      (abs)         000F83
_prec                        bssBANK0h     0000FD
_print_line                  text42        00C022
_putch                       text34        00C020
_read_byte_no_lib            text41        00C066
_send_byte_no_lib            text44        00C04A
_send_string_no_lib          text43        00C550
_setupPorts                  text40        00C030
_setupSerial                 text39        00C082
_sprintf                     text1         00C3E2
_strcpy                      text12        00C434
_strlen                      text27        00C0FA
_strncmp                     text8         00CD9C
_tolower                     text10        00C4F0
_tolower$1252                cstackCOMRAMh 00000D
_toupper                     text5         00C492
_toupper$1267                cstackCOMRAMh 00000D
_vfpfcnvrt                   text3         00E91E
_vfpfcnvrt$1087              cstackCOMRAMl 000060
_vfpfcnvrt$1098              cstackCOMRAMl 000062
_vfprintf                    text2         00C5B2
_width                       bssBANK0h     0000FB
_xtoa                        text4         00D6E4
_xtoa$1072                   cstackCOMRAMh 00002F
_xtoa$1073                   cstackCOMRAMh 000031
abs@a                        cstackCOMRAMh 000013
atoi@n                       cstackCOMRAMh 000015
atoi@neg                     cstackCOMRAMh 00000E
atoi@s                       cstackCOMRAMh 000008
ctoa@c                       cstackCOMRAMh 00000C
ctoa@fp                      cstackCOMRAMh 00000A
ctoa@l                       cstackCOMRAMh 00000E
ctoa@w                       cstackCOMRAMh 000010
delay_ms@i                   cstackCOMRAMh 000003
delay_ms@n                   cstackCOMRAMh 000001
dtoa@d                       cstackCOMRAMh 00001E
dtoa@fp                      cstackCOMRAMh 00001C
dtoa@i                       cstackCOMRAMh 00003E
dtoa@n                       cstackCOMRAMh 000036
dtoa@p                       cstackCOMRAMh 000030
dtoa@s                       cstackCOMRAMh 000034
dtoa@w                       cstackCOMRAMh 000032
efgtoa@c                     cstackCOMRAMh 000034
efgtoa@d                     cstackBANK0h  0000AE
efgtoa@e                     cstackBANK0h  0000C6
efgtoa@f                     cstackCOMRAMh 000030
efgtoa@fp                    cstackCOMRAMh 00002E
efgtoa@g                     cstackBANK0h  0000C2
efgtoa@h                     cstackBANK0h  0000B8
efgtoa@i                     cstackBANK0h  0000C0
efgtoa@l                     cstackBANK0h  0000BC
efgtoa@m                     cstackBANK0h  0000A8
efgtoa@mode                  cstackBANK0h  0000B7
efgtoa@n                     cstackBANK0h  0000C8
efgtoa@ne                    cstackBANK0h  0000A6
efgtoa@nmode                 cstackBANK0h  0000B6
efgtoa@ou                    cstackBANK0h  0000AA
efgtoa@p                     cstackBANK0h  0000B2
efgtoa@pp                    cstackBANK0h  0000A4
efgtoa@sign                  cstackBANK0h  0000B0
efgtoa@t                     cstackBANK0h  0000A2
efgtoa@u                     cstackBANK0h  0000CA
efgtoa@w                     cstackBANK0h  0000B4
end_of_initialization        cinit         00C2FC
floorf@F527                  bssBANK0l     0000F0
floorf@e                     cstackCOMRAMh 000028
floorf@m                     cstackCOMRAMh 000024
floorf@u                     cstackCOMRAMh 00002A
floorf@x                     cstackCOMRAMh 00001A
fputc@c                      cstackCOMRAMh 000001
fputc@fp                     cstackCOMRAMh 000003
fputs@c                      cstackCOMRAMh 00000E
fputs@fp                     cstackCOMRAMh 00000C
fputs@i                      cstackCOMRAMh 00000F
fputs@s                      cstackCOMRAMh 00000A
intlevel0                    text          000000
intlevel1                    text          000000
intlevel2                    text          000000
intlevel3                    text          000000
isa$std                      (abs)         000001
isa$xinst                    (abs)         000000
isalpha@c                    cstackCOMRAMh 000001
isdigit@c                    cstackCOMRAMh 000001
islower@c                    cstackCOMRAMh 000001
isspace@c                    cstackCOMRAMh 000001
isupper@c                    cstackCOMRAMh 000001
main@i                       cstackCOMRAMh 00005A
main@ptr                     cstackCOMRAMh 00005C
pad@buf                      cstackCOMRAMh 000013
pad@fp                       cstackCOMRAMh 000011
pad@i                        cstackCOMRAMh 000018
pad@p                        cstackCOMRAMh 000015
pad@w                        cstackCOMRAMh 00001A
read_byte_no_lib@c           cstackCOMRAMh 000001
send_byte_no_lib@c           cstackCOMRAMh 000001
send_string_no_lib@p         cstackCOMRAMh 000002
sprintf@ap                   cstackBANK0h  0000E8
sprintf@f                    cstackBANK0h  0000EA
sprintf@fmt                  cstackBANK0h  0000D6
sprintf@s                    cstackBANK0h  0000D4
stackhi                      (abs)         000F7F
stacklo                      (abs)         0002C8
start                        init          000000
start_initialization         cinit         00C2C4
strcpy@d                     cstackCOMRAMh 000009
strcpy@dest                  cstackCOMRAMh 000001
strcpy@s                     cstackCOMRAMh 000007
strcpy@src                   cstackCOMRAMh 000003
strlen@a                     cstackCOMRAMh 000003
strlen@s                     cstackCOMRAMh 000001
strncmp@_l                   cstackCOMRAMh 000001
strncmp@_r                   cstackCOMRAMh 000003
strncmp@l                    cstackCOMRAMh 000008
strncmp@n                    cstackCOMRAMh 000005
strncmp@r                    cstackCOMRAMh 00000A
tolower@c                    cstackCOMRAMh 000007
toupper@c                    cstackCOMRAMh 000007
vfpfcnvrt@ap                 cstackCOMRAMh 000047
vfpfcnvrt@c                  cstackCOMRAMl 00007B
vfpfcnvrt@ct                 cstackCOMRAMl 000078
vfpfcnvrt@done               cstackCOMRAMl 00005E
vfpfcnvrt@f                  cstackCOMRAMl 000074
vfpfcnvrt@fmt                cstackCOMRAMh 000045
vfpfcnvrt@fp                 cstackCOMRAMh 000043
vfpfcnvrt@ll                 cstackCOMRAMl 000064
vfpfcnvrt@llu                cstackCOMRAMl 00006C
vfprintf@ap                  cstackBANK0h  0000D2
vfprintf@cfmt                cstackCOMRAMh 000057
vfprintf@fmt                 cstackBANK0h  0000D0
vfprintf@fp                  cstackBANK0h  0000CE
xtoa@c                       cstackCOMRAMh 000041
xtoa@d                       cstackCOMRAMh 00001E
xtoa@fp                      cstackCOMRAMh 00001C
xtoa@i                       cstackCOMRAMh 00003F
xtoa@n                       cstackCOMRAMh 000037
xtoa@p                       cstackCOMRAMh 000033
xtoa@w                       cstackCOMRAMh 000035
xtoa@x                       cstackCOMRAMh 000026


MODULE INFORMATION

Module		Function		Class		Link	Load	Size
C:\Program Files\Microchip\xc8\v2.32\pic\sources\c99\common\nf_sprintf.c
		_sprintf       		CODE           	C3E2	0000	82

C:\Program Files\Microchip\xc8\v2.32\pic\sources\c99\common\nf_sprintf.c estimated size: 82

C:\Program Files\Microchip\xc8\v2.32\pic\sources\c99\common\awdiv.c
		___awdiv       		CODE           	C830	0000	196

C:\Program Files\Microchip\xc8\v2.32\pic\sources\c99\common\awdiv.c estimated size: 196

C:\Program Files\Microchip\xc8\v2.32\pic\sources\c99\common\isdigit.c
		_isdigit       		CODE           	C168	0000	56

C:\Program Files\Microchip\xc8\v2.32\pic\sources\c99\common\isdigit.c estimated size: 56

C:\Program Files\Microchip\xc8\v2.32\pic\sources\c99\common\sprcadd.c
		___flsub       		CODE           	C34A	0000	70
		___fladd       		CODE           	E45E	0000	1216

C:\Program Files\Microchip\xc8\v2.32\pic\sources\c99\common\sprcadd.c estimated size: 1286

C:\Program Files\Microchip\xc8\v2.32\pic\sources\c99\common\doprnt.c
		_vfpfcnvrt     		CODE           	E91E	0000	2296
		_efgtoa        		CODE           	F216	0000	3162
		_pad           		CODE           	C76E	0000	194
		_ctoa          		CODE           	C9BE	0000	214
		_dtoa          		CODE           	D9BA	0000	736
		_vfprintf      		CODE           	C5B2	0000	98
		_xtoa          		CODE           	D6E4	0000	726

C:\Program Files\Microchip\xc8\v2.32\pic\sources\c99\common\doprnt.c estimated size: 7426

C:\Program Files\Microchip\xc8\v2.32\pic\sources\c99\common\flneg.c
		___flneg       		CODE           	C1A0	0000	56

C:\Program Files\Microchip\xc8\v2.32\pic\sources\c99\common\flneg.c estimated size: 56

my_ser.c
		_send_byte_no_lib		CODE           	C04A	0000	28
		_is_byte_available		CODE           	C130	0000	56
		_read_byte_no_lib		CODE           	C066	0000	28
		_setupSerial   		CODE           	C082	0000	32
		_send_string_no_lib		CODE           	C550	0000	98

my_ser.c estimated size: 242

C:\Program Files\Microchip\xc8\v2.32\pic\sources\c99\common\atoi.c
		_atoi          		CODE           	D1A8	0000	400

C:\Program Files\Microchip\xc8\v2.32\pic\sources\c99\common\atoi.c estimated size: 400

C:\Program Files\Microchip\xc8\v2.32\pic\sources\c99\common\nf_fputs.c
		_fputs         		CODE           	C306	0000	68

C:\Program Files\Microchip\xc8\v2.32\pic\sources\c99\common\nf_fputs.c estimated size: 68

C:\Program Files\Microchip\xc8\v2.32\pic\sources\c99\common\fleq.c
		___fleq        		CODE           	C614	0000	170

C:\Program Files\Microchip\xc8\v2.32\pic\sources\c99\common\fleq.c estimated size: 170

C:\Program Files\Microchip\xc8\v2.32\pic\sources\c99\common\putch.c
		_putch         		CODE           	C020	0000	2

C:\Program Files\Microchip\xc8\v2.32\pic\sources\c99\common\putch.c estimated size: 2

C:\Program Files\Microchip\xc8\v2.32\pic\sources\c99\common\__fpclassifyf.c
		___fpclassifyf 		CODE           	CA94	0000	254

C:\Program Files\Microchip\xc8\v2.32\pic\sources\c99\common\__fpclassifyf.c estimated size: 254

C:\Program Files\Microchip\xc8\v2.32\pic\sources\c99\common\isupper.c
		_isupper       		CODE           	C1D8	0000	56

C:\Program Files\Microchip\xc8\v2.32\pic\sources\c99\common\isupper.c estimated size: 56

C:\Program Files\Microchip\xc8\v2.32\pic\sources\c99\common\Umul16.c
		___wmul        		CODE           	C0A2	0000	38

C:\Program Files\Microchip\xc8\v2.32\pic\sources\c99\common\Umul16.c estimated size: 38

C:\Program Files\Microchip\xc8\v2.32\pic\sources\c99\common\abs.c
		_abs           		CODE           	C284	0000	64

C:\Program Files\Microchip\xc8\v2.32\pic\sources\c99\common\abs.c estimated size: 64

C:\Program Files\Microchip\xc8\v2.32\pic\sources\c99\common\aomod.c
		___aomod       		CODE           	CEBC	0000	356

C:\Program Files\Microchip\xc8\v2.32\pic\sources\c99\common\aomod.c estimated size: 356

C:\Program Files\Microchip\xc8\v2.32\pic\sources\c99\common\isspace.c
		_isspace       		CODE           	C390	0000	82

C:\Program Files\Microchip\xc8\v2.32\pic\sources\c99\common\isspace.c estimated size: 82

C:\Program Files\Microchip\xc8\v2.32\pic\sources\c99\common\islower.c
		_islower       		CODE           	C210	0000	56

C:\Program Files\Microchip\xc8\v2.32\pic\sources\c99\common\islower.c estimated size: 56

C:\Program Files\Microchip\xc8\v2.32\pic\sources\c99\common\strncmp.c
		_strncmp       		CODE           	CD9C	0000	288

C:\Program Files\Microchip\xc8\v2.32\pic\sources\c99\common\strncmp.c estimated size: 288

C:\Program Files\Microchip\xc8\v2.32\pic\sources\c99\common\tolower.c
		_tolower       		CODE           	C4F0	0000	96

C:\Program Files\Microchip\xc8\v2.32\pic\sources\c99\common\tolower.c estimated size: 96

shared
		__initialization		CODE           	C2C4	0000	56

shared estimated size: 56

C:\Program Files\Microchip\xc8\v2.32\pic\sources\c99\common\sprcmul.c
		___flmul       		CODE           	E034	0000	1066

C:\Program Files\Microchip\xc8\v2.32\pic\sources\c99\common\sprcmul.c estimated size: 1066

C:\Program Files\Microchip\xc8\v2.32\pic\sources\c99\common\awmod.c
		___awmod       		CODE           	C6BE	0000	176

C:\Program Files\Microchip\xc8\v2.32\pic\sources\c99\common\awmod.c estimated size: 176

C:\Program Files\Microchip\xc8\v2.32\pic\sources\c99\common\sprcdiv.c
		___fldiv       		CODE           	DC9A	0000	922

C:\Program Files\Microchip\xc8\v2.32\pic\sources\c99\common\sprcdiv.c estimated size: 922

C:\Program Files\Microchip\xc8\v2.32\pic\sources\c99\common\toupper.c
		_toupper       		CODE           	C492	0000	94

C:\Program Files\Microchip\xc8\v2.32\pic\sources\c99\common\toupper.c estimated size: 94

C:\Program Files\Microchip\xc8\v2.32\pic\sources\c99\common\isalpha.c
		_isalpha       		CODE           	C248	0000	60

C:\Program Files\Microchip\xc8\v2.32\pic\sources\c99\common\isalpha.c estimated size: 60

C:\Program Files\Microchip\xc8\v2.32\pic\sources\c99\common\fltol.c
		___fltol       		CODE           	CC96	0000	262

C:\Program Files\Microchip\xc8\v2.32\pic\sources\c99\common\fltol.c estimated size: 262

C:\Program Files\Microchip\xc8\v2.32\pic\sources\c99\common\nf_fputc.c
		_fputc         		CODE           	C8F4	0000	202

C:\Program Files\Microchip\xc8\v2.32\pic\sources\c99\common\nf_fputc.c estimated size: 202

C:\Program Files\Microchip\xc8\v2.32\pic\sources\c99\common\aodiv.c
		___aodiv       		CODE           	D020	0000	392

C:\Program Files\Microchip\xc8\v2.32\pic\sources\c99\common\aodiv.c estimated size: 392

main.c
		_main          		CODE           	D338	0000	410
		_print_line    		CODE           	C022	0000	14
		_setupPorts    		CODE           	C030	0000	26
		_delay_ms      		CODE           	C0C8	0000	50

main.c estimated size: 500

C:\Program Files\Microchip\xc8\v2.32\pic\sources\c99\common\strlen.c
		_strlen        		CODE           	C0FA	0000	54

C:\Program Files\Microchip\xc8\v2.32\pic\sources\c99\common\strlen.c estimated size: 54

C:\Program Files\Microchip\xc8\v2.32\pic\sources\c99\common\flge.c
		___flge        		CODE           	CB92	0000	260

C:\Program Files\Microchip\xc8\v2.32\pic\sources\c99\common\flge.c estimated size: 260

C:\Program Files\Microchip\xc8\v2.32\pic\sources\c99\common\floorf.c
		_floorf        		CODE           	D4D2	0000	530

C:\Program Files\Microchip\xc8\v2.32\pic\sources\c99\common\floorf.c estimated size: 530

C:\Program Files\Microchip\xc8\v2.32\pic\sources\c99\common\strcpy.c
		_strcpy        		CODE           	C434	0000	94

C:\Program Files\Microchip\xc8\v2.32\pic\sources\c99\common\strcpy.c estimated size: 94

